// Jest Snapshot v1, https://goo.gl/fbAQLP

exports[`App should render correctly 1] = `
<main>
  <h1>
    Over to you...
  </h1>
</main>
`;
